D:\RODRIGO\SQL_SERVER\mi_primer_repo>cd primer_repo

D:\RODRIGO\SQL_SERVER\mi_primer_repo\primer_repo>git status
On branch main
Your branch is up to date with 'origin/main'.

Untracked files:
  (use "git add <file>..." to include in what will be committed)
        script_repo.sql

nothing added to commit but untracked files present (use "git add" to track)

D:\RODRIGO\SQL_SERVER\mi_primer_repo\primer_repo>git add script_repo.sql

D:\RODRIGO\SQL_SERVER\mi_primer_repo\primer_repo>git status
On branch main
Your branch is up to date with 'origin/main'.

Changes to be committed:
  (use "git restore --staged <file>..." to unstage)
        new file:   script_repo.sql


D:\RODRIGO\SQL_SERVER\mi_primer_repo\primer_repo>git commit -m "File Script"
[main 799c48b] File Script
 1 file changed, 0 insertions(+), 0 deletions(-)
 create mode 100644 script_repo.sql

D:\RODRIGO\SQL_SERVER\mi_primer_repo\primer_repo>git pull
Already up to date.

D:\RODRIGO\SQL_SERVER\mi_primer_repo\primer_repo>git push
info: please complete authentication in your browser...
Enumerating objects: 4, done.
Counting objects: 100% (4/4), done.
Delta compression using up to 8 threads
Compressing objects: 100% (2/2), done.
Writing objects: 100% (3/3), 296 bytes | 296.00 KiB/s, done.
Total 3 (delta 0), reused 0 (delta 0), pack-reused 0 (from 0)
To https://github.com/Rodrigo-Estrada10/primer_repo.git
   3cac77d..799c48b  main -> main

D:\RODRIGO\SQL_SERVER\mi_primer_repo\primer_repo>